
  ___  ____  ____  ____  ____ ©
 /__    /   ____/   /   ____/      17.0
___/   /   /___/   /   /___/       MP—Parallel Edition

 Statistics and Data Science       Copyright 1985-2021 StataCorp LLC
                                   StataCorp
                                   4905 Lakeway Drive
                                   College Station, Texas 77845 USA
                                   800-STATA-PC        https://www.stata.com
                                   979-696-4600        stata@stata.com

Stata license: 2-user 8-core network perpetual
Serial number: 501706331441
  Licensed to: Vicente
               

Notes:
      1. Stata is running in batch mode.
      2. Unicode is supported; see help unicode_advice.
      3. More than 2 billion observations are allowed; see help obs_advice.
      4. Maximum number of variables is set to 5,000; see help set_maxvar.

. do scripts/stata/proc_rojas_murua_vicente.do 

. * ===========================================================================
> ===
. * PROYECTO: Tesis de Licenciatura en Sociología
. * AUTOR: Vicente Rojas
. * INSTITUCIÓN: Universidad de Chile - Facultad de Ciencias Sociales
. * MÓDULO 01: Carga, Procesamiento de Datos y Exportación a LaTeX (Overleaf)
. * REPRODUCIBILIDAD Y OPEN SCIENCE COMPATIBLE
. * ===========================================================================
> ===
. 
. * ---------------------------------------------------------------------------
> ---
. * 1. CONFIGURACIÓN INICIAL Y ENTORNO REPRODUCIBLE
. * ---------------------------------------------------------------------------
> ---
. 
. clear all

. set more off

. macro drop _all

. 
. version 17

. set seed 20260822

. 
. * Definición explícita del directorio del proyecto
. cd "C:\Users\vroja\OneDrive\Escritorio\VIRTUAL STUDIO CODE\ingresos-costo-vid
> a-chile"
C:\Users\vroja\OneDrive\Escritorio\VIRTUAL STUDIO CODE\ingresos-costo-vida-chil
> e

. 
. * Creación automática de la estructura completa de carpetas (Previene error r
> (603))
. capture mkdir "logs"

. capture mkdir "data"

. capture mkdir "data/raw"

. capture mkdir "data/raw/chile"

. capture mkdir "data/raw/argentina"

. capture mkdir "data/raw/brasil"

. capture mkdir "data/processed"

. capture mkdir "data/processed/chile"

. capture mkdir "data/processed/argentina"

. capture mkdir "data/processed/brasil"

. capture mkdir "output"

. capture mkdir "output/tables"

. capture mkdir "output/figures"

. 
. cap log close

. log using "logs/procesamiento_modulo01.log", replace text
-------------------------------------------------------------------------------
      name:  <unnamed>
       log:  C:\Users\vroja\OneDrive\Escritorio\VIRTUAL STUDIO CODE\ingresos-co
> sto-vida-chile\logs/procesamiento_modulo01.log
  log type:  text
 opened on:  22 Aug 2026, 22:41:23

. 
. display "Inicio de ejecucion: " c(current_date) " " c(current_time)
Inicio de ejecucion: 22 Aug 2026 22:41:23

. 
. * ---------------------------------------------------------------------------
> ---
. * 2. VERIFICACIÓN E INSTALACIÓN AUTOMÁTICA DE DEPENDENCIAS (PACKAGE MANAGEMEN
> T)
. * ---------------------------------------------------------------------------
> ---
. 
. * Librerías necesarias para la exportación directa a LaTeX/Overleaf
. local packages estout outreg2

. foreach pkg in `packages' {
  2.     capture which `pkg'
  3.     if _rc != 0 {
  4.         display "Instalando paquete requerido: `pkg'"
  5.         ssc install `pkg', replace
  6.     }
  7. }

. 
. * ---------------------------------------------------------------------------
> ---
. * 3. CARGA Y PROCESAMIENTO DE DATOS
. * ---------------------------------------------------------------------------
> ---
. 
. * A. CHILE - CASEN 2024 (Base de trabajo principal)
. use "data/raw/chile/casen_2024.dta", clear
(Encuesta Casen 2024)

. 
. * B. ARGENTINA - EPH (Desactivado temporalmente para optimizar memoria RAM)
. * import excel "data/raw/argentina/usu_hogar_T126.xlsx", firstrow clear
. * rename *, lower
. * save "data/processed/argentina/usu_hogar_T126.dta", replace
. 
. * C. BRASIL - PNAD CONTÍNUA (Desactivado temporalmente por tamaño excesivo)
. * import delimited "data/raw/brasil/PNADC_012026.txt", clear
. 
. * Volvemos a la base principal de trabajo (Chile - CASEN 2024)
. use "data/raw/chile/casen_2024.dta", clear
(Encuesta Casen 2024)

. 
. * ---------------------------------------------------------------------------
> ---
. * 4. LIMPIEZA, FILTRADO Y CREACIÓN DE VARIABLES
. * ---------------------------------------------------------------------------
> ---
. 
. keep folio region sexo edad numper ytotcorh expr

. drop if missing(ytotcorh)
(107 observations deleted)

. 
. rename numper numero_personas

. rename ytotcorh ingreso_total

. 
. * Generación de variables derivadas
. generate ingreso_percapita = ingreso_total / numero_personas

. label variable ingreso_percapita "Ingreso per cápita del hogar (CLP)"

. 
. generate tramo_edad = .
(218,260 missing values generated)

. replace tramo_edad = 1 if edad >= 0 & edad <= 14
(36,873 real changes made)

. replace tramo_edad = 2 if edad >= 15 & edad <= 64
(143,948 real changes made)

. replace tramo_edad = 3 if edad >= 65 & !missing(edad)
(37,439 real changes made)

. 
. label define etiquetas_edad 1 "0 a 14 años" 2 "15 a 64 años" 3 "65 o más años
> "

. label values tramo_edad etiquetas_edad

. label variable tramo_edad "Tramo etario"

. 
. * Save processed data (Garantiza datos limpios e intermedios para replicación
> )
. save "data/processed/chile/casen_2024_procesada.dta", replace
file data/processed/chile/casen_2024_procesada.dta saved

. 
. * ---------------------------------------------------------------------------
> ---
. * 5. EXPORTACIÓN AUTOMÁTICA DE RESULTADOS A LATEX (OVERLEAF / GITHUB)
. * ---------------------------------------------------------------------------
> ---
. 
. * A. TABLA DESCRIPTIVA: Tramo de Edad
. esttab using "output/tables/tabla_tramo_edad.tex", replace ///
>     cell("b(fmt(0)) pct(fmt(2))") ///
>     collabels("Frecuencia" "Porcentaje") ///
>     unstack noobs nonumber ///
>     booktabs ///
>     title("Distribución por Tramos de Edad (CASEN 2024)")
last estimates (.) not found
r(301);

end of do-file
r(301);
